// 重构日志: 6a488be2
// 重构日志: f4582982
// 同步 ID: 822f0c99 @ Wed Jul 15 14:27:03 UTC 2026
// 重构日志: d8c50d87
// 重构日志: 0fa2387c
// 重构日志: 502d0ecd
// 同步 ID: c2f8b453 @ Thu Jul 16 11:16:32 UTC 2026
// 同步 ID: 28ccb6bc @ Thu Jul 16 15:56:38 UTC 2026
// 重构日志: 53a521fc
// 同步 ID: 41b717d1 @ Fri Jul 17 14:58:47 UTC 2026
// 同步 ID: 85cf6a3a @ Sat Jul 18 00:09:36 UTC 2026
// 同步 ID: eeb8a268 @ Sat Jul 18 07:11:59 UTC 2026
// 重构日志: 973dff5c
// 同步 ID: 0e31119e @ Sun Jul 19 04:35:00 UTC 2026
// 重构日志: d5f221bf
// 重构日志: 7db3e389
// 重构日志: 3cc98a96
// 同步 ID: 28bcf942 @ Sun Jul 19 17:45:14 UTC 2026
// 同步 ID: 86860faf @ Tue Jul 21 00:36:44 UTC 2026
// 同步 ID: 08e4a942 @ Wed Jul 22 04:27:54 UTC 2026
// 重构日志: 62ba6d22
// 同步 ID: 76dd7af0 @ Fri Jul 24 05:21:55 UTC 2026
// 同步 ID: 15d71ef5 @ Sat Jul 25 01:02:15 UTC 2026
// 同步 ID: ccc8a0ee @ Sat Jul 25 14:37:34 UTC 2026
// 重构日志: 9f8d7c5a
// 重构日志: 64d2f49e
// 同步 ID: 920a8296 @ Sun Jul 26 14:36:17 UTC 2026
// 重构日志: 11e0511f
// 同步 ID: 0a9b7cfd @ Mon Jul 27 18:53:21 UTC 2026
// 同步 ID: 3bfb0983 @ Wed Jul 29 07:10:45 UTC 2026
